// Jest Snapshot v1, https://goo.gl/fbAQLP

exports[`App matches snapshot structure 1`] = `null`;
