// Jest Snapshot v1, https://goo.gl/fbAQLP

exports[`App Integration Tests should match snapshot structure 1`] = `null`;
